c:\users\sagar\onedrive\cpp\chp2\chp2\x64\debug\vc143.pdb
c:\users\sagar\onedrive\cpp\chp2\chp2\x64\debug\vc143.idb
c:\users\sagar\onedrive\cpp\chp2\chp2\x64\debug\returnvals.obj
c:\users\sagar\onedrive\cpp\chp2\chp2\x64\debug\main.obj
c:\users\sagar\onedrive\cpp\chp2\chp2\x64\debug\add.obj
c:\users\sagar\onedrive\cpp\chp2\chp2\x64\debug\mainholder.obj
c:\users\sagar\onedrive\cpp\chp2\chp2\x64\debug\getinteger.obj
c:\users\sagar\onedrive\cpp\chp2\chp2\x64\debug\objectlikemacros.obj
c:\users\sagar\onedrive\cpp\chp2\chp2\x64\debug\userdeffunction.obj
c:\users\sagar\onedrive\cpp\chp2\x64\debug\chp2.exe
c:\users\sagar\onedrive\cpp\chp2\x64\debug\chp2.pdb
c:\users\sagar\onedrive\cpp\chp2\chp2\x64\debug\chp2.ilk
c:\users\sagar\onedrive\cpp\chp2\chp2\x64\debug\arguments.obj
c:\users\sagar\onedrive\cpp\chp2\chp2\x64\debug\chp2.tlog\cl.command.1.tlog
c:\users\sagar\onedrive\cpp\chp2\chp2\x64\debug\chp2.tlog\cl.items.tlog
c:\users\sagar\onedrive\cpp\chp2\chp2\x64\debug\chp2.tlog\cl.read.1.tlog
c:\users\sagar\onedrive\cpp\chp2\chp2\x64\debug\chp2.tlog\cl.write.1.tlog
c:\users\sagar\onedrive\cpp\chp2\chp2\x64\debug\chp2.tlog\link.command.1.tlog
c:\users\sagar\onedrive\cpp\chp2\chp2\x64\debug\chp2.tlog\link.read.1.tlog
c:\users\sagar\onedrive\cpp\chp2\chp2\x64\debug\chp2.tlog\link.secondary.1.tlog
c:\users\sagar\onedrive\cpp\chp2\chp2\x64\debug\chp2.tlog\link.write.1.tlog
